Mapping 8 CVs...

[1/8] 2001_Ut_Format...
  ✗ ERROR: map_cv_sections_v2() got an unexpected keyword argument 'verbose'
[2/8] 2003_Albrechtjs_Cv...
  ✗ ERROR: map_cv_sections_v2() got an unexpected keyword argument 'verbose'
[3/8] 2004_Almasri_Mahmoud...
  ✗ ERROR: map_cv_sections_v2() got an unexpected keyword argument 'verbose'
[4/8] 2005_Bpg...
  ✗ ERROR: map_cv_sections_v2() got an unexpected keyword argument 'verbose'
[5/8] 2006_Bush...
  ✗ ERROR: map_cv_sections_v2() got an unexpected keyword argument 'verbose'
[6/8] 2007_Frank_Lau...
  ✗ ERROR: map_cv_sections_v2() got an unexpected keyword argument 'verbose'
[7/8] 2008_Dunkel_Schetter...
  ✗ ERROR: map_cv_sections_v2() got an unexpected keyword argument 'verbose'
[8/8] 2009_Mucci_March...
  ✗ ERROR: map_cv_sections_v2() got an unexpected keyword argument 'verbose'

======================================================================
MAPPING COMPLETE
======================================================================
Successful: 0/8
Total tokens: 0
