================================================================================
PROCESSING ALREADY-SEGMENTED CVS WITH REPAIR PIPELINE
================================================================================


================================================================================
Processing: Holtz (2002)
================================================================================
  [1/3] Repairing segmentation...
    ✓ Repaired: 18 → 18 top-level groups
  [2/3] Preprocessing...
    ✓ Preprocessed: 18 content groups, 0 headers preserved
  [3/3] Mapping with v3 signals...

======================================================================
TESTING COMPREHENSIVE SIGNAL LIBRARY
======================================================================
Input: validation_CV_2002_Holtz_preprocessed.json
Output: validation_CV_2002_Holtz_with_signals_v3.json

======================================================================
PRE-ANALYSIS: Signal Detection
======================================================================

Signal Detection Summary:
  Total entries: 83
  Entries with hints: 46 (55.4%)

Signal Fire Counts (sorted by frequency):
  employment_pattern              21 ( 25.3%)
    Ex1: [Unknown] 2016-2018		Bioethics Consortium Johns Hopkins University and University of Pennsylvania
National Institutes of Health, Bethesda, MD
    Ex2: [Unknown] 2020-present		Assistant Professor, Goldfarb School of Nursing, St. Louis, MO
  location_tail                   19 ( 22.9%)
    Ex1: [Unknown] 2016-2018		Bioethics Consortium Johns Hopkins University and University of Pennsylvania
National Institutes of Health, Bethesda, MD
    Ex2: [Unknown] 2016			Bioethics Intensive, Johns Hopkins University, Baltimore, MD
  clinical_role                    6 (  7.2%)
    Ex1: [Unknown] Heidi K. Holtz, PhD, RN
    Ex2: [Unknown] 2020                                                   RN Intensive Care Unit
Capital Region Medical Center, Jefferson City, MO
  mentee_pattern                   5 (  6.0%)
    Ex1: [Unknown] 2016-2018		Bioethics Consortium Johns Hopkins University and University of Pennsylvania
National Institutes of Health, Bethesda, MD
    Ex2: [Unknown] 2017			Intern American Nurses Association Moral Resilience Panel, Silver Spring, MD
  doi                              5 (  6.0%)
    Ex1: [Unknown] 1. 	Holtz H, Schallom M, Sledge JA, Riley TA. Voluntary nurse turnover: An exploratory study of exit survey data. Nurs Manage. 2025 Jul 1;56(6):30-36....
    Ex2: [Unknown] 1.	Holtz H, Weissinger GM, Swavely D, Rushton C. Critical care nurses' perspectives on organizational betrayal by health systems during the COVID-19 p...
  pmid                             5 (  6.0%)
    Ex1: [Unknown] 1. 	Holtz H, Schallom M, Sledge JA, Riley TA. Voluntary nurse turnover: An exploratory study of exit survey data. Nurs Manage. 2025 Jul 1;56(6):30-36....
    Ex2: [Unknown] 1.	Holtz H, Weissinger GM, Swavely D, Rushton C. Critical care nurses' perspectives on organizational betrayal by health systems during the COVID-19 p...
  citation_like                    4 (  4.8%)
    Ex1: [Unknown] 1. 	Holtz H, Schallom M, Sledge JA, Riley TA. Voluntary nurse turnover: An exploratory study of exit survey data. Nurs Manage. 2025 Jul 1;56(6):30-36....
    Ex2: [Unknown] 1.	Holtz H, Weissinger GM, Swavely D, Rushton C. Critical care nurses' perspectives on organizational betrayal by health systems during the COVID-19 p...
  award_honor                      3 (  3.6%)
    Ex1: [Unknown] 2024			Goldfarb School of Nursing Christner Award for Excellence in Advancing Nursing
2022			Goldfarb School of Nursing Christner Award for Excellence...
    Ex2: [Unknown] 2019			Nursing Education Perspectives National League of Nursing Award
  teaching_role                    2 (  2.4%)
    Ex1: [Unknown] 2011-2014		Nursing Instructor, University of Missouri, Columbia, MO
    Ex2: [Unknown] 2008-2010		Nursing Instructor Kansas City Kansas Community College, Kansas City, KS
  podium                           2 (  2.4%)
    Ex1: [Unknown] 2025	Sigma Theta Tau Healthy Work Environment, Podium Presentation, Phoenix, AZ
    Ex2: [Unknown] 2024	International Workshop Moral Resilience, Podium Presentation, Brocher Institute, Geneva, Switzerland
  unit_acronym                     2 (  2.4%)
    Ex1: [Unknown] 2020                                                   RN Intensive Care Unit
Capital Region Medical Center, Jefferson City, MO
    Ex2: [Unknown] 2007-2008                                          Clinical Nurse III ICU Float Pool
University of Kansas Hospital, Kansas City, KS
  panel_workshop                   1 (  1.2%)
    Ex1: [Unknown] 2017			Moderator American Nurses Association Webinar, Silver Spring, MD

======================================================================
RUNNING TAXONOMY MAPPING WITH ALL SIGNALS
======================================================================
================================================================================
TWO-PASS HIERARCHICAL TAXONOMY MAPPING (V2)
================================================================================
Input: validation_CV_2002_Holtz_preprocessed.json
Strategy: Pass 1 (20 parents) → Router → Pass 2 (3-9 children)

✓ Loaded segmented CV

Processing 18 top-level groups...

  [1] Unknown
      Entries: 1, Subgroups: 0
📝 Prompt logged: 2025-11-08_00-42-19_taxonomy_mapping_pass1_d74b3e940dd3.json
📝 Response logged: 2025-11-08_00-42-23_taxonomy_mapping_pass1_d74b3e940dd3_RESPONSE.json
      Pass 1 → Appendix / Other (0.85)

  [2] Unknown
      Entries: 1, Subgroups: 0
📝 Prompt logged: 2025-11-08_00-42-23_taxonomy_mapping_pass1_43c277b658cb.json
📝 Response logged: 2025-11-08_00-42-26_taxonomy_mapping_pass1_43c277b658cb_RESPONSE.json
      Pass 1 → Clinical Practice, Innovation, and Leadership (0.95)
      Pass 2 → Failed: No confusion info for parent: L

  [3] Unknown
      Entries: 3, Subgroups: 0
📝 Prompt logged: 2025-11-08_00-42-26_taxonomy_mapping_pass1_55869ac8ffed.json
📝 Response logged: 2025-11-08_00-42-28_taxonomy_mapping_pass1_55869ac8ffed_RESPONSE.json
      Pass 1 → Personal Data / Contact Information (0.95)
      Router → Skip Pass 2 (direct to extraction)

  [4] Unknown
      Entries: 0, Subgroups: 2
📝 Prompt logged: 2025-11-08_00-42-28_taxonomy_mapping_pass1_c016938dd9a8.json
📝 Response logged: 2025-11-08_00-42-31_taxonomy_mapping_pass1_c016938dd9a8_RESPONSE.json
      Pass 1 → Education (0.95)

    [5] Unknown
        Entries: 2, Subgroups: 0
📝 Prompt logged: 2025-11-08_00-42-31_taxonomy_mapping_pass1_7c58d9c9f2bf.json
📝 Response logged: 2025-11-08_00-42-33_taxonomy_mapping_pass1_7c58d9c9f2bf_RESPONSE.json
        Pass 1 → Professional Positions & Employment (0.95)
📝 Prompt logged: 2025-11-08_00-42-33_taxonomy_mapping_pass2_batch_1bedf237a499.json
📝 Response logged: 2025-11-08_00-42-36_taxonomy_mapping_pass2_batch_1bedf237a499_RESPONSE.json
        Pass 2 (batch of 2) → Current Academic/Clinical Positions (avg: 0.90)

    [6] Unknown
        Entries: 4, Subgroups: 0
📝 Prompt logged: 2025-11-08_00-42-36_taxonomy_mapping_pass1_8a067d5a73b7.json
📝 Response logged: 2025-11-08_00-42-38_taxonomy_mapping_pass1_8a067d5a73b7_RESPONSE.json
        Pass 1 → Education (0.95)
📝 Prompt logged: 2025-11-08_00-42-38_taxonomy_mapping_pass2_batch_121eee8e91ef.json
📝 Response logged: 2025-11-08_00-42-45_taxonomy_mapping_pass2_batch_121eee8e91ef_RESPONSE.json
        Pass 2 (batch of 4) → Undergraduate Degree (BA, BS, AB) (avg: 0.90)

  [7] Unknown
      Entries: 8, Subgroups: 0
📝 Prompt logged: 2025-11-08_00-42-45_taxonomy_mapping_pass1_ea0892cf2ef3.json
📝 Response logged: 2025-11-08_00-42-50_taxonomy_mapping_pass1_ea0892cf2ef3_RESPONSE.json
      Pass 1 → Educational Contributions (0.85)
📝 Prompt logged: 2025-11-08_00-42-50_taxonomy_mapping_pass2_batch_6ca5b13ebe0b.json
📝 Response logged: 2025-11-08_00-42-59_taxonomy_mapping_pass2_batch_6ca5b13ebe0b_RESPONSE.json
      Pass 2 (batch of 8) → Didactic Teaching (courses taught) (avg: 0.85)

  [8] Unknown
      Entries: 9, Subgroups: 0
📝 Prompt logged: 2025-11-08_00-42-59_taxonomy_mapping_pass1_ae275b1256b2.json
📝 Response logged: 2025-11-08_00-43-01_taxonomy_mapping_pass1_ae275b1256b2_RESPONSE.json
      Pass 1 → Professional Positions & Employment (0.95)
📝 Prompt logged: 2025-11-08_00-43-01_taxonomy_mapping_pass2_batch_d0492865ceb3.json
📝 Response logged: 2025-11-08_00-43-10_taxonomy_mapping_pass2_batch_d0492865ceb3_RESPONSE.json
      Pass 2 (batch of 9) → Current Academic/Clinical Positions (avg: 1.00)

  [9] Unknown
      Entries: 2, Subgroups: 0
📝 Prompt logged: 2025-11-08_00-43-10_taxonomy_mapping_pass1_9bd92103105b.json
📝 Response logged: 2025-11-08_00-43-14_taxonomy_mapping_pass1_9bd92103105b_RESPONSE.json
      Pass 1 → Institutional Administrative Activities (0.85)

  [10] Unknown
      Entries: 1, Subgroups: 0
📝 Prompt logged: 2025-11-08_00-43-14_taxonomy_mapping_pass1_d2095157776d.json
📝 Response logged: 2025-11-08_00-43-17_taxonomy_mapping_pass1_d2095157776d_RESPONSE.json
      Pass 1 → Professional Positions & Employment (0.95)
📝 Prompt logged: 2025-11-08_00-43-17_taxonomy_mapping_pass2_batch_a94b3184f2d6.json
📝 Response logged: 2025-11-08_00-43-19_taxonomy_mapping_pass2_batch_a94b3184f2d6_RESPONSE.json
      Pass 2 (batch of 1) → Current Academic/Clinical Positions (avg: 0.90)

  [11] Unknown
      Entries: 6, Subgroups: 0
📝 Prompt logged: 2025-11-08_00-43-19_taxonomy_mapping_pass1_ccdf5925f7e7.json
📝 Response logged: 2025-11-08_00-43-21_taxonomy_mapping_pass1_ccdf5925f7e7_RESPONSE.json
      Pass 1 → Honors and Awards (0.95)

  [12] Unknown
      Entries: 3, Subgroups: 0
📝 Prompt logged: 2025-11-08_00-43-21_taxonomy_mapping_pass1_eb66093106f9.json
📝 Response logged: 2025-11-08_00-43-23_taxonomy_mapping_pass1_eb66093106f9_RESPONSE.json
      Pass 1 → Extramural Professional Responsibilities (0.95)
📝 Prompt logged: 2025-11-08_00-43-23_taxonomy_mapping_pass2_batch_f44c1d4bea49.json
📝 Response logged: 2025-11-08_00-43-27_taxonomy_mapping_pass2_batch_f44c1d4bea49_RESPONSE.json
      Pass 2 (batch of 3) → Manuscript Reviewer / Abstract Reviewer (avg: 1.00)

  [13] Unknown
      Entries: 1, Subgroups: 0
📝 Prompt logged: 2025-11-08_00-43-27_taxonomy_mapping_pass1_b068f26b38aa.json
📝 Response logged: 2025-11-08_00-43-31_taxonomy_mapping_pass1_b068f26b38aa_RESPONSE.json
      Pass 1 → Extramural Professional Responsibilities (0.85)
📝 Prompt logged: 2025-11-08_00-43-31_taxonomy_mapping_pass2_batch_46776171e6d0.json
📝 Response logged: 2025-11-08_00-43-33_taxonomy_mapping_pass2_batch_46776171e6d0_RESPONSE.json
      Pass 2 (batch of 1) → Leadership in Extramural Organizations (avg: 0.90)

  [14] Unknown
      Entries: 6, Subgroups: 0
📝 Prompt logged: 2025-11-08_00-43-33_taxonomy_mapping_pass1_5ff0bee9dfcd.json
📝 Response logged: 2025-11-08_00-43-35_taxonomy_mapping_pass1_5ff0bee9dfcd_RESPONSE.json
      Pass 1 → Professional Organizations and Society Memberships (0.95)

  [15] Unknown
      Entries: 8, Subgroups: 0
📝 Prompt logged: 2025-11-08_00-43-35_taxonomy_mapping_pass1_adf79e0d5bba.json
📝 Response logged: 2025-11-08_00-43-38_taxonomy_mapping_pass1_adf79e0d5bba_RESPONSE.json
      Pass 1 → Institutional Administrative Activities (0.90)

  [16] Unknown
      Entries: 13, Subgroups: 0
📝 Prompt logged: 2025-11-08_00-43-38_taxonomy_mapping_pass1_c23a8a434366.json
📝 Response logged: 2025-11-08_00-43-43_taxonomy_mapping_pass1_c23a8a434366_RESPONSE.json
      Pass 1 → Invitations to Speak/Present (0.95)
📝 Prompt logged: 2025-11-08_00-43-43_taxonomy_mapping_pass2_batch_b1649bb4744f.json
📝 Response logged: 2025-11-08_00-43-54_taxonomy_mapping_pass2_batch_b1649bb4744f_RESPONSE.json
      Pass 2 (batch of 13) → Invited Panels, Workshops, Symposia (avg: 0.87)

  [17] Unknown
      Entries: 1, Subgroups: 2
📝 Prompt logged: 2025-11-08_00-43-54_taxonomy_mapping_pass1_e7292bc97327.json
📝 Response logged: 2025-11-08_00-43-57_taxonomy_mapping_pass1_e7292bc97327_RESPONSE.json
      Pass 1 → Research (0.95)
📝 Prompt logged: 2025-11-08_00-43-57_taxonomy_mapping_pass2_batch_bf4b77edabfb.json
📝 Response logged: 2025-11-08_00-43-59_taxonomy_mapping_pass2_batch_bf4b77edabfb_RESPONSE.json
      Pass 2 (batch of 1) → Research Support (Grants/Funding) (avg: 0.90)

    [18] Unknown
        Entries: 4, Subgroups: 0
📝 Prompt logged: 2025-11-08_00-43-59_taxonomy_mapping_pass1_e4051d9f01c8.json
📝 Response logged: 2025-11-08_00-44-03_taxonomy_mapping_pass1_e4051d9f01c8_RESPONSE.json
        Pass 1 → Research (0.95)
📝 Prompt logged: 2025-11-08_00-44-03_taxonomy_mapping_pass2_batch_750407f07b8e.json
📝 Response logged: 2025-11-08_00-44-09_taxonomy_mapping_pass2_batch_750407f07b8e_RESPONSE.json
        Pass 2 (batch of 4) → Research Support (Grants/Funding) (avg: 0.85)

    [19] Unknown
        Entries: 2, Subgroups: 0
📝 Prompt logged: 2025-11-08_00-44-09_taxonomy_mapping_pass1_435e2c376bd8.json
📝 Response logged: 2025-11-08_00-44-12_taxonomy_mapping_pass1_435e2c376bd8_RESPONSE.json
        Pass 1 → Research (0.95)
📝 Prompt logged: 2025-11-08_00-44-12_taxonomy_mapping_pass2_batch_8940a97c13ee.json
📝 Response logged: 2025-11-08_00-44-15_taxonomy_mapping_pass2_batch_8940a97c13ee_RESPONSE.json
        Pass 2 (batch of 2) → Research Support (Grants/Funding) (avg: 0.90)

  [20] Unknown
      Entries: 7, Subgroups: 0
📝 Prompt logged: 2025-11-08_00-44-15_taxonomy_mapping_pass1_ffac0c9703d4.json
📝 Response logged: 2025-11-08_00-44-20_taxonomy_mapping_pass1_ffac0c9703d4_RESPONSE.json
      Pass 1 → Clinical Practice, Innovation, and Leadership (0.95)
      Pass 2 → Failed: No confusion info for parent: L

  [21] Unknown
      Entries: 1, Subgroups: 0
📝 Prompt logged: 2025-11-08_00-44-20_taxonomy_mapping_pass1_ad2e41ed244e.json
📝 Response logged: 2025-11-08_00-44-24_taxonomy_mapping_pass1_ad2e41ed244e_RESPONSE.json
      Pass 1 → Bibliography (0.95)
📝 Prompt logged: 2025-11-08_00-44-24_taxonomy_mapping_pass2_batch_76e144b3f6ac.json
📝 Response logged: 2025-11-08_00-44-38_taxonomy_mapping_pass2_batch_76e144b3f6ac_RESPONSE.json
      Pass 2 (batch of 1) → Peer-Reviewed Research Articles (original research) (avg: 0.88)

  [22] Unknown
      Entries: 12, Subgroups: 0
📝 Prompt logged: 2025-11-08_00-44-38_taxonomy_mapping_pass1_981f6ed8fa28.json
📝 Response logged: 2025-11-08_00-44-41_taxonomy_mapping_pass1_981f6ed8fa28_RESPONSE.json
      Pass 1 → Bibliography (0.95)
📝 Prompt logged: 2025-11-08_00-44-41_taxonomy_mapping_pass2_batch_b79665b0176c.json
📝 Response logged: 2025-11-08_00-44-52_taxonomy_mapping_pass2_batch_b79665b0176c_RESPONSE.json
      Pass 2 (batch of 12) → Peer-Reviewed Research Articles (original research) (avg: 0.93)

================================================================================
MAPPING RESULTS (V2)
================================================================================
Classified sections: 22
  High confidence (≥0.85): 22 (100.0%)
Average confidence: 0.930

API Calls:
  Pass 1 (parent): 22
  Pass 2 (child): 13
  Total: 35

Token Usage:
  Prompt: 42,971
  Completion: 5,936
  Total: 48,907

✓ Results saved to: validation_CV_2002_Holtz_with_signals_v3.json

======================================================================
GENERATING AUDIT REPORT
======================================================================

✓ Audit report saved to: validation_CV_2002_Holtz_with_signals_v3_AUDIT.json
    ✓ Mapped: 83 entries, 55.4% hint coverage, avg conf=0.930

================================================================================
Processing: Simpson (Simpson)
================================================================================
  [1/3] Repairing segmentation...
    ✓ Repaired: 12 → 12 top-level groups
  [2/3] Preprocessing...
    ✓ Preprocessed: 12 content groups, 0 headers preserved
  [3/3] Mapping with v3 signals...

======================================================================
TESTING COMPREHENSIVE SIGNAL LIBRARY
======================================================================
Input: validation_CV_Simpson_Simpson_preprocessed.json
Output: validation_CV_Simpson_Simpson_with_signals_v3.json

======================================================================
PRE-ANALYSIS: Signal Detection
======================================================================

Signal Detection Summary:
  Total entries: 53
  Entries with hints: 13 (24.5%)

Signal Fire Counts (sorted by frequency):
  teaching_role                    4 (  7.5%)
    Ex1: [Unknown] Instructor of Pediatrics, Cardiology, Washington University in St. Louis, St. Louis, MO
    Ex2: [Unknown] Faculty Lecturer, Medical Student Pediatric Cardiology Case Management Lectures, Washington University in Saint Louis
  award_honor                      2 (  3.8%)
    Ex1: [Unknown] Fellowship, Pediatric Cardiology, Washington University in Saint Louis - St. Louis Children's Hospital, St. Louis, Mo
    Ex2: [Unknown] Fellowship, Pediatric Heart Failure and Transplant, Washington University in Saint Louis - St. Louis Children's Hospital, Saint Louis, MO

======================================================================
RUNNING TAXONOMY MAPPING WITH ALL SIGNALS
======================================================================
================================================================================
TWO-PASS HIERARCHICAL TAXONOMY MAPPING (V2)
================================================================================
Input: validation_CV_Simpson_Simpson_preprocessed.json
Strategy: Pass 1 (20 parents) → Router → Pass 2 (3-9 children)

✓ Loaded segmented CV

Processing 12 top-level groups...

  [1] Unknown
      Entries: 1, Subgroups: 0
📝 Prompt logged: 2025-11-08_00-44-52_taxonomy_mapping_pass1_4d0fbc108d37.json
📝 Response logged: 2025-11-08_00-44-54_taxonomy_mapping_pass1_4d0fbc108d37_RESPONSE.json
      Pass 1 → Professional Positions & Employment (0.95)
📝 Prompt logged: 2025-11-08_00-44-54_taxonomy_mapping_pass2_batch_fc1c8789d406.json
📝 Response logged: 2025-11-08_00-44-55_taxonomy_mapping_pass2_batch_fc1c8789d406_RESPONSE.json
      Pass 2 (batch of 1) → Current Academic/Clinical Positions (avg: 0.90)

  [2] Unknown
      Entries: 5, Subgroups: 0
📝 Prompt logged: 2025-11-08_00-44-55_taxonomy_mapping_pass1_98d1ced165be.json
📝 Response logged: 2025-11-08_00-44-58_taxonomy_mapping_pass1_98d1ced165be_RESPONSE.json
      Pass 1 → Education (0.95)
📝 Prompt logged: 2025-11-08_00-44-58_taxonomy_mapping_pass2_batch_1518a537bf93.json
📝 Response logged: 2025-11-08_00-45-04_taxonomy_mapping_pass2_batch_1518a537bf93_RESPONSE.json
      Pass 2 (batch of 5) → Undergraduate Degree (BA, BS, AB) (avg: 1.00)

  [3] Unknown
      Entries: 3, Subgroups: 0
📝 Prompt logged: 2025-11-08_00-45-04_taxonomy_mapping_pass1_d0fcf074dc88.json
📝 Response logged: 2025-11-08_00-45-11_taxonomy_mapping_pass1_d0fcf074dc88_RESPONSE.json
      Pass 1 → Educational Contributions (0.95)
📝 Prompt logged: 2025-11-08_00-45-11_taxonomy_mapping_pass2_batch_10c47e5cb65a.json
📝 Response logged: 2025-11-08_00-45-15_taxonomy_mapping_pass2_batch_10c47e5cb65a_RESPONSE.json
      Pass 2 (batch of 3) → Didactic Teaching (courses taught) (avg: 0.90)

  [4] Unknown
      Entries: 0, Subgroups: 2
📝 Prompt logged: 2025-11-08_00-45-15_taxonomy_mapping_pass1_4a08b8198fb0.json
📝 Response logged: 2025-11-08_00-45-19_taxonomy_mapping_pass1_4a08b8198fb0_RESPONSE.json
      Pass 1 → Institutional Administrative Activities (0.95)

    [5] Unknown
        Entries: 5, Subgroups: 0
📝 Prompt logged: 2025-11-08_00-45-19_taxonomy_mapping_pass1_f9ba7ac6e3f3.json
📝 Response logged: 2025-11-08_00-45-21_taxonomy_mapping_pass1_f9ba7ac6e3f3_RESPONSE.json
        Pass 1 → Institutional Administrative Activities (0.90)

    [6] Unknown
        Entries: 2, Subgroups: 0
📝 Prompt logged: 2025-11-08_00-45-21_taxonomy_mapping_pass1_b7dfcff757d4.json
📝 Response logged: 2025-11-08_00-45-23_taxonomy_mapping_pass1_b7dfcff757d4_RESPONSE.json
        Pass 1 → Institutional Administrative Activities (0.95)

  [7] Unknown
      Entries: 4, Subgroups: 0
📝 Prompt logged: 2025-11-08_00-45-23_taxonomy_mapping_pass1_a35bfca6eb33.json
📝 Response logged: 2025-11-08_00-45-25_taxonomy_mapping_pass1_a35bfca6eb33_RESPONSE.json
      Pass 1 → Licensure and Certification (0.95)
      Pass 2 → Failed: No confusion info for parent: F

  [8] Unknown
      Entries: 0, Subgroups: 1
📝 Prompt logged: 2025-11-08_00-45-25_taxonomy_mapping_pass1_4d0627d2f11c.json
📝 Response logged: 2025-11-08_00-45-28_taxonomy_mapping_pass1_4d0627d2f11c_RESPONSE.json
      Pass 1 → Extramural Professional Responsibilities (0.85)

    [9] Unknown
        Entries: 3, Subgroups: 0
📝 Prompt logged: 2025-11-08_00-45-28_taxonomy_mapping_pass1_5acf6eac57ed.json
📝 Response logged: 2025-11-08_00-45-31_taxonomy_mapping_pass1_5acf6eac57ed_RESPONSE.json
        Pass 1 → Extramural Professional Responsibilities (0.90)
📝 Prompt logged: 2025-11-08_00-45-31_taxonomy_mapping_pass2_batch_d6576064a892.json
📝 Response logged: 2025-11-08_00-45-35_taxonomy_mapping_pass2_batch_d6576064a892_RESPONSE.json
        Pass 2 (batch of 3) → Manuscript Reviewer / Abstract Reviewer (avg: 0.90)

  [10] Unknown
      Entries: 5, Subgroups: 0
📝 Prompt logged: 2025-11-08_00-45-35_taxonomy_mapping_pass1_ccae3fb23404.json
📝 Response logged: 2025-11-08_00-45-37_taxonomy_mapping_pass1_ccae3fb23404_RESPONSE.json
      Pass 1 → Professional Organizations and Society Memberships (0.95)

  [11] Unknown
      Entries: 15, Subgroups: 0
📝 Prompt logged: 2025-11-08_00-45-37_taxonomy_mapping_pass1_b93359024433.json
📝 Response logged: 2025-11-08_00-45-39_taxonomy_mapping_pass1_b93359024433_RESPONSE.json
      Pass 1 → Invitations to Speak/Present (0.95)
📝 Prompt logged: 2025-11-08_00-45-39_taxonomy_mapping_pass2_batch_cf9cf3e4b175.json
📝 Response logged: 2025-11-08_00-45-51_taxonomy_mapping_pass2_batch_cf9cf3e4b175_RESPONSE.json
      Pass 2 (batch of 15) → Grand Rounds (avg: 0.80)

  [12] Unknown
      Entries: 3, Subgroups: 0
📝 Prompt logged: 2025-11-08_00-45-51_taxonomy_mapping_pass1_3ca0bb95a89e.json
📝 Response logged: 2025-11-08_00-45-53_taxonomy_mapping_pass1_3ca0bb95a89e_RESPONSE.json
      Pass 1 → Research (0.95)
📝 Prompt logged: 2025-11-08_00-45-53_taxonomy_mapping_pass2_batch_b887731e8205.json
📝 Response logged: 2025-11-08_00-45-58_taxonomy_mapping_pass2_batch_b887731e8205_RESPONSE.json
      Pass 2 (batch of 3) → Research Activities (Summary) (avg: 0.87)

  [13] Unknown
      Entries: 7, Subgroups: 0
📝 Prompt logged: 2025-11-08_00-45-58_taxonomy_mapping_pass1_57aa4490772d.json
📝 Response logged: 2025-11-08_00-46-01_taxonomy_mapping_pass1_57aa4490772d_RESPONSE.json
      Pass 1 → Educational Contributions (0.95)
📝 Prompt logged: 2025-11-08_00-46-01_taxonomy_mapping_pass2_batch_b5a7c06d280b.json
📝 Response logged: 2025-11-08_00-46-09_taxonomy_mapping_pass2_batch_b5a7c06d280b_RESPONSE.json
      Pass 2 (batch of 7) → Clinical Teaching (avg: 0.90)

  [14] Unknown
      Entries: 0, Subgroups: 3
📝 Prompt logged: 2025-11-08_00-46-09_taxonomy_mapping_pass1_8e9b2e62f499.json
📝 Response logged: 2025-11-08_00-46-10_taxonomy_mapping_pass1_8e9b2e62f499_RESPONSE.json
      Pass 1 → Bibliography (0.95)

    [15] Unknown
        Entries: 29, Subgroups: 0
📝 Prompt logged: 2025-11-08_00-46-10_taxonomy_mapping_pass1_eb35d04e6281.json
📝 Response logged: 2025-11-08_00-46-12_taxonomy_mapping_pass1_eb35d04e6281_RESPONSE.json
        Pass 1 → Bibliography (0.95)
📝 Prompt logged: 2025-11-08_00-46-12_taxonomy_mapping_pass2_batch_dd8ad8b5e079.json
📝 Response logged: 2025-11-08_00-46-24_taxonomy_mapping_pass2_batch_dd8ad8b5e079_RESPONSE.json
        Pass 2 (batch of 29) → Peer-Reviewed Research Articles (original research) (avg: 0.93)

    [16] Unknown
        Entries: 6, Subgroups: 0
📝 Prompt logged: 2025-11-08_00-46-24_taxonomy_mapping_pass1_77053f076d05.json
📝 Response logged: 2025-11-08_00-46-26_taxonomy_mapping_pass1_77053f076d05_RESPONSE.json
        Pass 1 → Bibliography (0.95)
📝 Prompt logged: 2025-11-08_00-46-26_taxonomy_mapping_pass2_batch_0b5125fcc1c9.json
📝 Response logged: 2025-11-08_00-46-35_taxonomy_mapping_pass2_batch_0b5125fcc1c9_RESPONSE.json
        Pass 2 (batch of 6) → Reviews & Editorials (avg: 0.89)

    [17] Unknown
        Entries: 3, Subgroups: 0
📝 Prompt logged: 2025-11-08_00-46-35_taxonomy_mapping_pass1_c2039ac69784.json
📝 Response logged: 2025-11-08_00-46-37_taxonomy_mapping_pass1_c2039ac69784_RESPONSE.json
        Pass 1 → Bibliography (0.95)
📝 Prompt logged: 2025-11-08_00-46-37_taxonomy_mapping_pass2_batch_7ad9f276215f.json
📝 Response logged: 2025-11-08_00-46-42_taxonomy_mapping_pass2_batch_7ad9f276215f_RESPONSE.json
        Pass 2 (batch of 3) → Chapters (book chapters) (avg: 0.90)

  [18] Unknown
      Entries: 10, Subgroups: 0
📝 Prompt logged: 2025-11-08_00-46-42_taxonomy_mapping_pass1_fa4fd68a8da0.json
📝 Response logged: 2025-11-08_00-46-45_taxonomy_mapping_pass1_fa4fd68a8da0_RESPONSE.json
      Pass 1 → Bibliography (0.95)
📝 Prompt logged: 2025-11-08_00-46-45_taxonomy_mapping_pass2_batch_a5790f1e57de.json
📝 Response logged: 2025-11-08_00-46-58_taxonomy_mapping_pass2_batch_a5790f1e57de_RESPONSE.json
      Pass 2 (batch of 10) → Abstracts & Conference Proceedings (avg: 0.90)

================================================================================
MAPPING RESULTS (V2)
================================================================================
Classified sections: 18
  High confidence (≥0.85): 18 (100.0%)
Average confidence: 0.939

API Calls:
  Pass 1 (parent): 18
  Pass 2 (child): 11
  Total: 29

Token Usage:
  Prompt: 42,138
  Completion: 5,054
  Total: 47,192

✓ Results saved to: validation_CV_Simpson_Simpson_with_signals_v3.json

======================================================================
GENERATING AUDIT REPORT
======================================================================

✓ Audit report saved to: validation_CV_Simpson_Simpson_with_signals_v3_AUDIT.json
    ✓ Mapped: 53 entries, 24.5% hint coverage, avg conf=0.939

================================================================================
Processing: Blakely (2074)
================================================================================
  [1/3] Repairing segmentation...
    ✓ Repaired: 30 → 35 top-level groups
  [2/3] Preprocessing...
    ✓ Preprocessed: 35 content groups, 0 headers preserved
  [3/3] Mapping with v3 signals...

======================================================================
TESTING COMPREHENSIVE SIGNAL LIBRARY
======================================================================
Input: validation_CV_2074_Blakely_preprocessed.json
Output: validation_CV_2074_Blakely_with_signals_v3.json

======================================================================
PRE-ANALYSIS: Signal Detection
======================================================================

Signal Detection Summary:
  Total entries: 47
  Entries with hints: 22 (46.8%)

Signal Fire Counts (sorted by frequency):
  employment_pattern              11 ( 23.4%)
    Ex1: [Unknown] [0] PROFESSIONAL APPOINTMENTS

[1] Assistant Professor, Anatomy and Cell Biology, Emory Univ. SOM				1990-1994

[2] Assistant Professor of Psychiatry ...
    Ex2: [Unknown] [0] DISTINCTIONS/AWARDS

[1] National Merit Scholar									1977-1981

[2] John Gordon Stipe Scholar									1977-1981

[3] Macy Fellowship for Foreig...
  award_honor                     11 ( 23.4%)
    Ex1: [Unknown] [0] DISTINCTIONS/AWARDS

[1] National Merit Scholar									1977-1981

[2] John Gordon Stipe Scholar									1977-1981

[3] Macy Fellowship for Foreig...
    Ex2: [Unknown] [0] ACADEMIC COMMITTEES/SYMPOSIA AND MEETING ORGANIZATION

[1] Emory Departmental 5-Yr Planning Committee						1992

[2] Emory Faculty Search Committe...
  unit_acronym                     8 ( 17.0%)
    Ex1: [Unknown] [0] PROFESSIONAL APPOINTMENTS

[1] Assistant Professor, Anatomy and Cell Biology, Emory Univ. SOM				1990-1994

[2] Assistant Professor of Psychiatry ...
    Ex2: [Unknown] [0] ACADEMIC COMMITTEES/SYMPOSIA AND MEETING ORGANIZATION

[1] Emory Departmental 5-Yr Planning Committee						1992

[2] Emory Faculty Search Committe...
  citation_like                    5 ( 10.6%)
    Ex1: [Unknown] [0] vesicles.  J Neurosci, 26:9851, 2006. [PMID: 17005849]

[1] 187.  	Sung, U., Blakely, R.D., Calcium-dependent interactions of the human norepineph...
    Ex2: [Unknown] [0] 232.		Zhu, C.B., Lindler, K., Owens, A., Daws, L., Blakely, R.D., Hewlett, W., Interleukin-1 receptor activation by systemic lipopolysaccharide in...
  pmid                             5 ( 10.6%)
    Ex1: [Unknown] [0] vesicles.  J Neurosci, 26:9851, 2006. [PMID: 17005849]

[1] 187.  	Sung, U., Blakely, R.D., Calcium-dependent interactions of the human norepineph...
    Ex2: [Unknown] [0] 232.		Zhu, C.B., Lindler, K., Owens, A., Daws, L., Blakely, R.D., Hewlett, W., Interleukin-1 receptor activation by systemic lipopolysaccharide in...
  doi                              5 ( 10.6%)
    Ex1: [Unknown] [0] 232.		Zhu, C.B., Lindler, K., Owens, A., Daws, L., Blakely, R.D., Hewlett, W., Interleukin-1 receptor activation by systemic lipopolysaccharide in...
    Ex2: [Unknown] [0] 272.	Berry, A.S., Demeter, E., Sabhapathy, S., English, B.A., Blakely, R.D., Sarter, M., Lustig, C. Disposed to distraction: Genetic variation in ...
  teaching_role                    4 (  8.5%)
    Ex1: [Unknown] [0] ACADEMIC COMMITTEES/SYMPOSIA AND MEETING ORGANIZATION

[1] Emory Departmental 5-Yr Planning Committee						1992

[2] Emory Faculty Search Committe...
    Ex2: [Unknown] [0] TEACHING EXPERIENCE

[1] Undergraduate Teaching Assistant, Astronomy, Emory University				1978-1981

[2] Graduate Teaching Assistant, Biology Depa...
  keynote_indicators               3 (  6.4%)
    Ex1: [Unknown] [0] INVITED PRESENTATIONS/SYMPOSIA

[1] American College of Neuropsychopharmacology Symposium on Neurotransmitter

[2] Transporters as Psychotropic Dr...
    Ex2: [Unknown] [0] HONORARY/ENDOWED LECTURES

[1] BioMega Lecture, University of Montreal, Department of Pharmacology, 1993

[2] State-of-the-Art Lecture, ASCPT 1996...
  mentee_pattern                   2 (  4.3%)
    Ex1: [Unknown] [0] GRANT/PROGRAM REVIEWER

[1] Emory URC External Reviewer								1991-1995

[2] National Science Foundation External Reviewer						1993

[3] NIDA Co...
    Ex2: [Unknown] [0] INVITED PRESENTATIONS/SYMPOSIA

[1] American College of Neuropsychopharmacology Symposium on Neurotransmitter

[2] Transporters as Psychotropic Dr...
  committee_role                   1 (  2.1%)
    Ex1: [Unknown] [0] GRANT/PROGRAM REVIEWER

[1] Emory URC External Reviewer								1991-1995

[2] National Science Foundation External Reviewer						1993

[3] NIDA Co...
  panel_workshop                   1 (  2.1%)
    Ex1: [Unknown] [0] Gordon Research Conference on Membrane Transport, 2018

[1] International Society of Serotonin Research, 2018

[2] South Florida Science Center Br...

======================================================================
RUNNING TAXONOMY MAPPING WITH ALL SIGNALS
======================================================================
================================================================================
TWO-PASS HIERARCHICAL TAXONOMY MAPPING (V2)
================================================================================
Input: validation_CV_2074_Blakely_preprocessed.json
Strategy: Pass 1 (20 parents) → Router → Pass 2 (3-9 children)

✓ Loaded segmented CV

Processing 35 top-level groups...

  [1] Unknown
      Entries: 1, Subgroups: 1
📝 Prompt logged: 2025-11-08_00-46-58_taxonomy_mapping_pass1_6fe0f6667f2b.json
📝 Response logged: 2025-11-08_00-47-00_taxonomy_mapping_pass1_6fe0f6667f2b_RESPONSE.json
      Pass 1 → Personal Data / Contact Information (0.95)
      Router → Skip Pass 2 (direct to extraction)

    [2] Unknown
        Entries: 1, Subgroups: 0
📝 Prompt logged: 2025-11-08_00-47-00_taxonomy_mapping_pass1_457bcf9a5bde.json
📝 Response logged: 2025-11-08_00-47-02_taxonomy_mapping_pass1_457bcf9a5bde_RESPONSE.json
        Pass 1 → Personal Data / Contact Information (0.95)
        Router → Skip Pass 2 (direct to extraction)

  [3] Unknown
      Entries: 6, Subgroups: 0
📝 Prompt logged: 2025-11-08_00-47-02_taxonomy_mapping_pass1_9517b790380e.json
📝 Response logged: 2025-11-08_00-47-07_taxonomy_mapping_pass1_9517b790380e_RESPONSE.json
      Pass 1 → Personal Data / Contact Information (0.95)
      Router → Skip Pass 2 (direct to extraction)

  [4] Unknown
      Entries: 1, Subgroups: 2
📝 Prompt logged: 2025-11-08_00-47-07_taxonomy_mapping_pass1_ad6056380640.json
📝 Response logged: 2025-11-08_00-47-09_taxonomy_mapping_pass1_ad6056380640_RESPONSE.json
      Pass 1 → Education (0.95)
📝 Prompt logged: 2025-11-08_00-47-09_taxonomy_mapping_pass2_batch_8f1795834d14.json
📝 Response logged: 2025-11-08_00-47-11_taxonomy_mapping_pass2_batch_8f1795834d14_RESPONSE.json
      Pass 2 (batch of 1) → Education YOU received (avg: 1.00)

    [5] Unknown
        Entries: 1, Subgroups: 0
📝 Prompt logged: 2025-11-08_00-47-11_taxonomy_mapping_pass1_e43ca0673c85.json
📝 Response logged: 2025-11-08_00-47-13_taxonomy_mapping_pass1_e43ca0673c85_RESPONSE.json
        Pass 1 → Education (0.95)
📝 Prompt logged: 2025-11-08_00-47-13_taxonomy_mapping_pass2_batch_0eb1bb830c94.json
📝 Response logged: 2025-11-08_00-47-16_taxonomy_mapping_pass2_batch_0eb1bb830c94_RESPONSE.json
        Pass 2 (batch of 1) → Undergraduate Degree (BA, BS, AB) (avg: 0.90)

    [6] Unknown
        Entries: 1, Subgroups: 0
📝 Prompt logged: 2025-11-08_00-47-16_taxonomy_mapping_pass1_5350675d4247.json
📝 Response logged: 2025-11-08_00-47-17_taxonomy_mapping_pass1_5350675d4247_RESPONSE.json
        Pass 1 → Education (0.95)
📝 Prompt logged: 2025-11-08_00-47-17_taxonomy_mapping_pass2_batch_9158f251e4da.json
📝 Response logged: 2025-11-08_00-47-23_taxonomy_mapping_pass2_batch_9158f251e4da_RESPONSE.json
        Pass 2 (batch of 1) → Undergraduate Degree (BA, BS, AB) (avg: 1.00)

  [7] Unknown
      Entries: 1, Subgroups: 1
📝 Prompt logged: 2025-11-08_00-47-23_taxonomy_mapping_pass1_3ca9d60eb031.json
📝 Response logged: 2025-11-08_00-47-26_taxonomy_mapping_pass1_3ca9d60eb031_RESPONSE.json
      Pass 1 → Education (0.85)
📝 Prompt logged: 2025-11-08_00-47-26_taxonomy_mapping_pass2_batch_531d524c52cc.json
📝 Response logged: 2025-11-08_00-47-34_taxonomy_mapping_pass2_batch_531d524c52cc_RESPONSE.json
      Pass 2 (batch of 1) → Undergraduate Degree (BA, BS, AB) (avg: 0.84)

    [8] Unknown
        Entries: 1, Subgroups: 0
📝 Prompt logged: 2025-11-08_00-47-34_taxonomy_mapping_pass1_ab2547148e3e.json
📝 Response logged: 2025-11-08_00-47-37_taxonomy_mapping_pass1_ab2547148e3e_RESPONSE.json
        Pass 1 → Education (0.95)
📝 Prompt logged: 2025-11-08_00-47-37_taxonomy_mapping_pass2_batch_5477c7f6f73c.json
📝 Response logged: 2025-11-08_00-47-43_taxonomy_mapping_pass2_batch_5477c7f6f73c_RESPONSE.json
        Pass 2 (batch of 1) → Postdoctoral Training (avg: 0.86)

  [9] Unknown
      Entries: 1, Subgroups: 1
📝 Prompt logged: 2025-11-08_00-47-43_taxonomy_mapping_pass1_d7afea2b6135.json
📝 Response logged: 2025-11-08_00-47-46_taxonomy_mapping_pass1_d7afea2b6135_RESPONSE.json
      Pass 1 → Postdoctoral Training (0.95)
      Pass 2 → Failed: No confusion info for parent: C

    [10] Unknown
        Entries: 1, Subgroups: 0
📝 Prompt logged: 2025-11-08_00-47-46_taxonomy_mapping_pass1_51e639ab0cab.json
📝 Response logged: 2025-11-08_00-47-47_taxonomy_mapping_pass1_51e639ab0cab_RESPONSE.json
        Pass 1 → Postdoctoral Training (0.95)
        Pass 2 → Failed: No confusion info for parent: C

  [11] Unknown
      Entries: 1, Subgroups: 0
📝 Prompt logged: 2025-11-08_00-47-47_taxonomy_mapping_pass1_51e1fb1c3a1c.json
📝 Response logged: 2025-11-08_00-47-50_taxonomy_mapping_pass1_51e1fb1c3a1c_RESPONSE.json
      Pass 1 → Professional Positions & Employment (0.95)
📝 Prompt logged: 2025-11-08_00-47-50_taxonomy_mapping_pass2_batch_cdb210f79b47.json
📝 Response logged: 2025-11-08_00-47-56_taxonomy_mapping_pass2_batch_cdb210f79b47_RESPONSE.json
      Pass 2 (batch of 1) → Past Academic/Clinical Positions (avg: 0.90)

  [12] Unknown
      Entries: 1, Subgroups: 0
📝 Prompt logged: 2025-11-08_00-47-56_taxonomy_mapping_pass1_249f8ab5a1f9.json
📝 Response logged: 2025-11-08_00-47-58_taxonomy_mapping_pass1_249f8ab5a1f9_RESPONSE.json
      Pass 1 → Honors and Awards (0.95)

  [13] Unknown
      Entries: 1, Subgroups: 0
📝 Prompt logged: 2025-11-08_00-47-58_taxonomy_mapping_pass1_260900414682.json
📝 Response logged: 2025-11-08_00-48-00_taxonomy_mapping_pass1_260900414682_RESPONSE.json
      Pass 1 → Research (0.95)
📝 Prompt logged: 2025-11-08_00-48-00_taxonomy_mapping_pass2_batch_99fd047ae7cf.json
📝 Response logged: 2025-11-08_00-48-06_taxonomy_mapping_pass2_batch_99fd047ae7cf_RESPONSE.json
      Pass 2 (batch of 1) → Patents & Inventions (avg: 0.93)

  [14] Unknown
      Entries: 1, Subgroups: 0
📝 Prompt logged: 2025-11-08_00-48-06_taxonomy_mapping_pass1_f70af1170ca7.json
📝 Response logged: 2025-11-08_00-48-09_taxonomy_mapping_pass1_f70af1170ca7_RESPONSE.json
      Pass 1 → Professional Organizations and Society Memberships (0.95)

  [15] Unknown
      Entries: 1, Subgroups: 0
📝 Prompt logged: 2025-11-08_00-48-09_taxonomy_mapping_pass1_915ea54d24a4.json
📝 Response logged: 2025-11-08_00-48-12_taxonomy_mapping_pass1_915ea54d24a4_RESPONSE.json
      Pass 1 → Extramural Professional Responsibilities (0.85)
📝 Prompt logged: 2025-11-08_00-48-12_taxonomy_mapping_pass2_batch_4e257a7a1ad2.json
📝 Response logged: 2025-11-08_00-48-22_taxonomy_mapping_pass2_batch_4e257a7a1ad2_RESPONSE.json
      Pass 2 (batch of 1) → Service on Boards and/or Committees (avg: 0.84)

  [16] Unknown
      Entries: 1, Subgroups: 0
📝 Prompt logged: 2025-11-08_00-48-22_taxonomy_mapping_pass1_25c793a15415.json
📝 Response logged: 2025-11-08_00-48-25_taxonomy_mapping_pass1_25c793a15415_RESPONSE.json
      Pass 1 → Institutional Administrative Activities (0.95)

  [17] Unknown
      Entries: 1, Subgroups: 0
📝 Prompt logged: 2025-11-08_00-48-25_taxonomy_mapping_pass1_b86cbc079eda.json
📝 Response logged: 2025-11-08_00-48-27_taxonomy_mapping_pass1_b86cbc079eda_RESPONSE.json
      Pass 1 → Mentoring (0.95)
📝 Prompt logged: 2025-11-08_00-48-28_taxonomy_mapping_pass2_batch_d2905b1e2eba.json
📝 Response logged: 2025-11-08_00-48-35_taxonomy_mapping_pass2_batch_d2905b1e2eba_RESPONSE.json
      Pass 2 (batch of 1) → Leadership & Mentoring Programs (avg: 0.88)

  [18] Unknown
      Entries: 1, Subgroups: 0
📝 Prompt logged: 2025-11-08_00-48-35_taxonomy_mapping_pass1_bfa7e7f47dbb.json
📝 Response logged: 2025-11-08_00-48-39_taxonomy_mapping_pass1_bfa7e7f47dbb_RESPONSE.json
      Pass 1 → Educational Contributions (0.95)
📝 Prompt logged: 2025-11-08_00-48-39_taxonomy_mapping_pass2_batch_a678a58a3e93.json
📝 Response logged: 2025-11-08_00-48-45_taxonomy_mapping_pass2_batch_a678a58a3e93_RESPONSE.json
      Pass 2 (batch of 1) → Didactic Teaching (courses taught) (avg: 0.90)

  [19] Unknown
      Entries: 1, Subgroups: 0
📝 Prompt logged: 2025-11-08_00-48-45_taxonomy_mapping_pass1_be05ac0e903a.json
📝 Response logged: 2025-11-08_00-48-48_taxonomy_mapping_pass1_be05ac0e903a_RESPONSE.json
      Pass 1 → Mentoring (0.85)
📝 Prompt logged: 2025-11-08_00-48-48_taxonomy_mapping_pass2_batch_dec7e6244f0c.json
📝 Response logged: 2025-11-08_00-48-54_taxonomy_mapping_pass2_batch_dec7e6244f0c_RESPONSE.json
      Pass 2 (batch of 1) → Leadership & Mentoring Programs (avg: 0.94)

  [20] Unknown
      Entries: 1, Subgroups: 0
📝 Prompt logged: 2025-11-08_00-48-54_taxonomy_mapping_pass1_6dedb773f3fb.json
📝 Response logged: 2025-11-08_00-48-58_taxonomy_mapping_pass1_6dedb773f3fb_RESPONSE.json
      Pass 1 → Extramural Professional Responsibilities (0.85)
📝 Prompt logged: 2025-11-08_00-48-58_taxonomy_mapping_pass2_batch_03351aaba886.json
📝 Response logged: 2025-11-08_00-49-03_taxonomy_mapping_pass2_batch_03351aaba886_RESPONSE.json
      Pass 2 (batch of 1) → Editorial Board Membership (avg: 0.90)

  [21] Unknown
      Entries: 1, Subgroups: 0
📝 Prompt logged: 2025-11-08_00-49-03_taxonomy_mapping_pass1_9eb7446506d1.json
📝 Response logged: 2025-11-08_00-49-06_taxonomy_mapping_pass1_9eb7446506d1_RESPONSE.json
      Pass 1 → Extramural Professional Responsibilities (0.90)
📝 Prompt logged: 2025-11-08_00-49-06_taxonomy_mapping_pass2_batch_4686c891ffef.json
📝 Response logged: 2025-11-08_00-49-15_taxonomy_mapping_pass2_batch_4686c891ffef_RESPONSE.json
      Pass 2 (batch of 1) → Manuscript Reviewer / Abstract Reviewer (avg: 0.88)

  [22] Unknown
      Entries: 2, Subgroups: 0
📝 Prompt logged: 2025-11-08_00-49-15_taxonomy_mapping_pass1_060eeab246b1.json
📝 Response logged: 2025-11-08_00-49-17_taxonomy_mapping_pass1_060eeab246b1_RESPONSE.json
      Pass 1 → Invitations to Speak/Present (0.95)
📝 Prompt logged: 2025-11-08_00-49-17_taxonomy_mapping_pass2_batch_7a19302d163a.json
📝 Response logged: 2025-11-08_00-49-22_taxonomy_mapping_pass2_batch_7a19302d163a_RESPONSE.json
      Pass 2 (batch of 2) → Invited Panels, Workshops, Symposia (avg: 0.90)

  [23] Unknown
      Entries: 1, Subgroups: 0
📝 Prompt logged: 2025-11-08_00-49-22_taxonomy_mapping_pass1_401ff3069f01.json
📝 Response logged: 2025-11-08_00-49-25_taxonomy_mapping_pass1_401ff3069f01_RESPONSE.json
      Pass 1 → Invitations to Speak/Present (0.95)
📝 Prompt logged: 2025-11-08_00-49-25_taxonomy_mapping_pass2_batch_8f6c97d172d9.json
📝 Response logged: 2025-11-08_00-49-31_taxonomy_mapping_pass2_batch_8f6c97d172d9_RESPONSE.json
      Pass 2 (batch of 1) → Invited Keynotes, Named Lectures, Plenaries (avg: 0.90)

  [24] Unknown
      Entries: 1, Subgroups: 10
📝 Prompt logged: 2025-11-08_00-49-31_taxonomy_mapping_pass1_5308796cea38.json
📝 Response logged: 2025-11-08_00-49-34_taxonomy_mapping_pass1_5308796cea38_RESPONSE.json
      Pass 1 → Research (0.95)
📝 Prompt logged: 2025-11-08_00-49-34_taxonomy_mapping_pass2_batch_081740184a93.json
📝 Response logged: 2025-11-08_00-49-36_taxonomy_mapping_pass2_batch_081740184a93_RESPONSE.json
      Pass 2 (batch of 1) → Research Support (Grants/Funding) (avg: 0.90)

    [25] Unknown
        Entries: 1, Subgroups: 0
📝 Prompt logged: 2025-11-08_00-49-36_taxonomy_mapping_pass1_706eb4512276.json
📝 Response logged: 2025-11-08_00-49-41_taxonomy_mapping_pass1_706eb4512276_RESPONSE.json
        Pass 1 → Honors and Awards (0.90)

    [26] Unknown
        Entries: 1, Subgroups: 0
📝 Prompt logged: 2025-11-08_00-49-41_taxonomy_mapping_pass1_2e298061e3c0.json
📝 Response logged: 2025-11-08_00-49-44_taxonomy_mapping_pass1_2e298061e3c0_RESPONSE.json
        Pass 1 → Honors and Awards (0.85)

    [27] Unknown
        Entries: 1, Subgroups: 0
📝 Prompt logged: 2025-11-08_00-49-44_taxonomy_mapping_pass1_24f02a5661de.json
📝 Response logged: 2025-11-08_00-49-46_taxonomy_mapping_pass1_24f02a5661de_RESPONSE.json
        Pass 1 → Research (0.95)
📝 Prompt logged: 2025-11-08_00-49-46_taxonomy_mapping_pass2_batch_f4f42ba5c7b2.json
📝 Response logged: 2025-11-08_00-49-53_taxonomy_mapping_pass2_batch_f4f42ba5c7b2_RESPONSE.json
        Pass 2 (batch of 1) → Research Support (Grants/Funding) (avg: 0.85)

    [28] Unknown
        Entries: 1, Subgroups: 0
📝 Prompt logged: 2025-11-08_00-49-53_taxonomy_mapping_pass1_9fbe5b973613.json
📝 Response logged: 2025-11-08_00-49-56_taxonomy_mapping_pass1_9fbe5b973613_RESPONSE.json
        Pass 1 → Research (0.85)
📝 Prompt logged: 2025-11-08_00-49-56_taxonomy_mapping_pass2_batch_dd73a15edf84.json
📝 Response logged: 2025-11-08_00-50-02_taxonomy_mapping_pass2_batch_dd73a15edf84_RESPONSE.json
        Pass 2 (batch of 1) → Research Support (Grants/Funding) (avg: 0.88)

    [29] Unknown
        Entries: 1, Subgroups: 0
📝 Prompt logged: 2025-11-08_00-50-02_taxonomy_mapping_pass1_2772f328c382.json
📝 Response logged: 2025-11-08_00-50-04_taxonomy_mapping_pass1_2772f328c382_RESPONSE.json
        Pass 1 → Honors and Awards (0.95)

    [30] Unknown
        Entries: 1, Subgroups: 0
📝 Prompt logged: 2025-11-08_00-50-04_taxonomy_mapping_pass1_456fe3b66fb2.json
📝 Response logged: 2025-11-08_00-50-08_taxonomy_mapping_pass1_456fe3b66fb2_RESPONSE.json
        Pass 1 → Research (0.95)
📝 Prompt logged: 2025-11-08_00-50-08_taxonomy_mapping_pass2_batch_2043c5a92c6a.json
📝 Response logged: 2025-11-08_00-50-13_taxonomy_mapping_pass2_batch_2043c5a92c6a_RESPONSE.json
        Pass 2 (batch of 1) → Research Support (Grants/Funding) (avg: 0.85)

    [31] Unknown
        Entries: 1, Subgroups: 0
📝 Prompt logged: 2025-11-08_00-50-13_taxonomy_mapping_pass1_6d31a5d65f4f.json
📝 Response logged: 2025-11-08_00-50-16_taxonomy_mapping_pass1_6d31a5d65f4f_RESPONSE.json
        Pass 1 → Research (0.85)
📝 Prompt logged: 2025-11-08_00-50-16_taxonomy_mapping_pass2_batch_ae86860ad9af.json
📝 Response logged: 2025-11-08_00-50-19_taxonomy_mapping_pass2_batch_ae86860ad9af_RESPONSE.json
        Pass 2 (batch of 1) → Research Support (Grants/Funding) (avg: 0.88)

    [32] Unknown
        Entries: 1, Subgroups: 0
📝 Prompt logged: 2025-11-08_00-50-19_taxonomy_mapping_pass1_ae8e31b7cc4a.json
📝 Response logged: 2025-11-08_00-50-21_taxonomy_mapping_pass1_ae8e31b7cc4a_RESPONSE.json
        Pass 1 → Research (0.95)
📝 Prompt logged: 2025-11-08_00-50-21_taxonomy_mapping_pass2_batch_2be19668b537.json
📝 Response logged: 2025-11-08_00-50-29_taxonomy_mapping_pass2_batch_2be19668b537_RESPONSE.json
        Pass 2 (batch of 1) → Research Support (Grants/Funding) (avg: 0.87)

    [33] Unknown
        Entries: 1, Subgroups: 0
📝 Prompt logged: 2025-11-08_00-50-29_taxonomy_mapping_pass1_777399765096.json
📝 Response logged: 2025-11-08_00-50-32_taxonomy_mapping_pass1_777399765096_RESPONSE.json
        Pass 1 → Research (0.95)
📝 Prompt logged: 2025-11-08_00-50-32_taxonomy_mapping_pass2_batch_40430e1ff639.json
📝 Response logged: 2025-11-08_00-50-36_taxonomy_mapping_pass2_batch_40430e1ff639_RESPONSE.json
        Pass 2 (batch of 1) → Research Support (Grants/Funding) (avg: 0.88)

    [34] Unknown
        Entries: 1, Subgroups: 3
📝 Prompt logged: 2025-11-08_00-50-36_taxonomy_mapping_pass1_e2601c766110.json
📝 Response logged: 2025-11-08_00-50-39_taxonomy_mapping_pass1_e2601c766110_RESPONSE.json
        Pass 1 → Research (0.95)
📝 Prompt logged: 2025-11-08_00-50-39_taxonomy_mapping_pass2_batch_3bc5b0410f7f.json
📝 Response logged: 2025-11-08_00-50-50_taxonomy_mapping_pass2_batch_3bc5b0410f7f_RESPONSE.json
        Pass 2 (batch of 1) → Research Support (Grants/Funding) (avg: 0.85)

      [35] Unknown
          Entries: 1, Subgroups: 0
📝 Prompt logged: 2025-11-08_00-50-50_taxonomy_mapping_pass1_6eb49f0c0433.json
📝 Response logged: 2025-11-08_00-50-52_taxonomy_mapping_pass1_6eb49f0c0433_RESPONSE.json
          Pass 1 → Research (0.95)
📝 Prompt logged: 2025-11-08_00-50-52_taxonomy_mapping_pass2_batch_7db260c9b6c2.json
📝 Response logged: 2025-11-08_00-50-58_taxonomy_mapping_pass2_batch_7db260c9b6c2_RESPONSE.json
          Pass 2 (batch of 1) → Research Support (Grants/Funding) (avg: 0.88)

      [36] Unknown
          Entries: 1, Subgroups: 0
📝 Prompt logged: 2025-11-08_00-50-58_taxonomy_mapping_pass1_cfe56a4adb9a.json
📝 Response logged: 2025-11-08_00-51-00_taxonomy_mapping_pass1_cfe56a4adb9a_RESPONSE.json
          Pass 1 → Honors and Awards (0.85)

      [37] Unknown
          Entries: 1, Subgroups: 0
📝 Prompt logged: 2025-11-08_00-51-00_taxonomy_mapping_pass1_3ea0086155c7.json
📝 Response logged: 2025-11-08_00-51-03_taxonomy_mapping_pass1_3ea0086155c7_RESPONSE.json
          Pass 1 → Professional Positions & Employment (0.85)
📝 Prompt logged: 2025-11-08_00-51-03_taxonomy_mapping_pass2_batch_03281b2406d2.json
📝 Response logged: 2025-11-08_00-51-10_taxonomy_mapping_pass2_batch_03281b2406d2_RESPONSE.json
          Pass 2 (batch of 1) → Current Academic/Clinical Positions (avg: 0.62)

  [38] Unknown
      Entries: 2, Subgroups: 0
📝 Prompt logged: 2025-11-08_00-51-10_taxonomy_mapping_pass1_4b2d2b56b71c.json
📝 Response logged: 2025-11-08_00-51-13_taxonomy_mapping_pass1_4b2d2b56b71c_RESPONSE.json
      Pass 1 → Research (0.85)
📝 Prompt logged: 2025-11-08_00-51-13_taxonomy_mapping_pass2_batch_6a6b4a5c83e8.json
📝 Response logged: 2025-11-08_00-51-25_taxonomy_mapping_pass2_batch_6a6b4a5c83e8_RESPONSE.json
      Pass 2 (batch of 2) → Research Support (Grants/Funding) (avg: 0.87)

  [39] Unknown
      Entries: 2, Subgroups: 0
📝 Prompt logged: 2025-11-08_00-51-25_taxonomy_mapping_pass1_93d27db2eb17.json
📝 Response logged: 2025-11-08_00-51-27_taxonomy_mapping_pass1_93d27db2eb17_RESPONSE.json
      Pass 1 → Research (0.85)
📝 Prompt logged: 2025-11-08_00-51-27_taxonomy_mapping_pass2_batch_2df8e2b1dc3b.json
📝 Response logged: 2025-11-08_00-51-38_taxonomy_mapping_pass2_batch_2df8e2b1dc3b_RESPONSE.json
      Pass 2 (batch of 2) → Research Support (Grants/Funding) (avg: 0.83)

  [40] Unknown
      Entries: 1, Subgroups: 2
📝 Prompt logged: 2025-11-08_00-51-38_taxonomy_mapping_pass1_866fef02c9fe.json
📝 Response logged: 2025-11-08_00-51-41_taxonomy_mapping_pass1_866fef02c9fe_RESPONSE.json
      Pass 1 → Bibliography (0.95)
📝 Prompt logged: 2025-11-08_00-51-41_taxonomy_mapping_pass2_batch_ad115ffb51d1.json
📝 Response logged: 2025-11-08_00-51-43_taxonomy_mapping_pass2_batch_ad115ffb51d1_RESPONSE.json
      Pass 2 (batch of 1) → Other (Media, Podcasts, Blogs) (avg: 0.90)

    [41] Unknown
        Entries: 3, Subgroups: 0
📝 Prompt logged: 2025-11-08_00-51-43_taxonomy_mapping_pass1_8ea572e467c3.json
📝 Response logged: 2025-11-08_00-51-45_taxonomy_mapping_pass1_8ea572e467c3_RESPONSE.json
        Pass 1 → Bibliography (0.95)
📝 Prompt logged: 2025-11-08_00-51-45_taxonomy_mapping_pass2_batch_74b6617bf816.json
📝 Response logged: 2025-11-08_00-51-50_taxonomy_mapping_pass2_batch_74b6617bf816_RESPONSE.json
        Pass 2 (batch of 3) → Peer-Reviewed Research Articles (original research) (avg: 0.94)

    [42] Unknown
        Entries: 2, Subgroups: 0
📝 Prompt logged: 2025-11-08_00-51-50_taxonomy_mapping_pass1_42d69540600a.json
📝 Response logged: 2025-11-08_00-51-52_taxonomy_mapping_pass1_42d69540600a_RESPONSE.json
        Pass 1 → Bibliography (0.95)
📝 Prompt logged: 2025-11-08_00-51-52_taxonomy_mapping_pass2_batch_94458f5e114d.json
📝 Response logged: 2025-11-08_00-51-55_taxonomy_mapping_pass2_batch_94458f5e114d_RESPONSE.json
        Pass 2 (batch of 2) → Peer-Reviewed Research Articles (original research) (avg: 0.90)

  [43] Unknown
      Entries: 1, Subgroups: 0
📝 Prompt logged: 2025-11-08_00-51-55_taxonomy_mapping_pass1_a344a921d032.json
📝 Response logged: 2025-11-08_00-51-59_taxonomy_mapping_pass1_a344a921d032_RESPONSE.json
      Pass 1 → Appendix / Other (0.85)

  [44] Unknown
      Entries: 1, Subgroups: 0
📝 Prompt logged: 2025-11-08_00-51-59_taxonomy_mapping_pass1_f4a4ad612d3c.json
📝 Response logged: 2025-11-08_00-52-02_taxonomy_mapping_pass1_f4a4ad612d3c_RESPONSE.json
      Pass 1 → Mentoring (0.85)
📝 Prompt logged: 2025-11-08_00-52-02_taxonomy_mapping_pass2_batch_dd5a6c34385a.json
📝 Response logged: 2025-11-08_00-52-09_taxonomy_mapping_pass2_batch_dd5a6c34385a_RESPONSE.json
      Pass 2 (batch of 1) → Current Mentees (Research) (avg: 0.90)

  [45] Unknown
      Entries: 1, Subgroups: 0
📝 Prompt logged: 2025-11-08_00-52-09_taxonomy_mapping_pass1_13d9fc2e7a94.json
📝 Response logged: 2025-11-08_00-52-11_taxonomy_mapping_pass1_13d9fc2e7a94_RESPONSE.json
      Pass 1 → Honors and Awards (0.95)

  [46] Unknown
      Entries: 1, Subgroups: 0
📝 Prompt logged: 2025-11-08_00-52-11_taxonomy_mapping_pass1_818235cc58f2.json
📝 Response logged: 2025-11-08_00-52-14_taxonomy_mapping_pass1_818235cc58f2_RESPONSE.json
      Pass 1 → Mentoring (0.95)
📝 Prompt logged: 2025-11-08_00-52-14_taxonomy_mapping_pass2_batch_cd480ac79575.json
📝 Response logged: 2025-11-08_00-52-19_taxonomy_mapping_pass2_batch_cd480ac79575_RESPONSE.json
      Pass 2 (batch of 1) → Current Mentees (Research) (avg: 0.94)

  [47] Unknown
      Entries: 1, Subgroups: 0
📝 Prompt logged: 2025-11-08_00-52-19_taxonomy_mapping_pass1_0f1a3683d7fc.json
📝 Response logged: 2025-11-08_00-52-21_taxonomy_mapping_pass1_0f1a3683d7fc_RESPONSE.json
      Pass 1 → Postdoctoral Training (0.95)
      Pass 2 → Failed: No confusion info for parent: C

  [48] Unknown
      Entries: 1, Subgroups: 0
📝 Prompt logged: 2025-11-08_00-52-21_taxonomy_mapping_pass1_60285fae8aa9.json
📝 Response logged: 2025-11-08_00-52-24_taxonomy_mapping_pass1_60285fae8aa9_RESPONSE.json
      Pass 1 → Professional Positions & Employment (0.90)
📝 Prompt logged: 2025-11-08_00-52-24_taxonomy_mapping_pass2_batch_b9158da77226.json
📝 Response logged: 2025-11-08_00-52-29_taxonomy_mapping_pass2_batch_b9158da77226_RESPONSE.json
      Pass 2 (batch of 1) → Past Academic/Clinical Positions (avg: 0.90)

  [49] Unknown
      Entries: 1, Subgroups: 0
📝 Prompt logged: 2025-11-08_00-52-29_taxonomy_mapping_pass1_845227d4de9f.json
📝 Response logged: 2025-11-08_00-52-32_taxonomy_mapping_pass1_845227d4de9f_RESPONSE.json
      Pass 1 → Professional Positions & Employment (0.85)
📝 Prompt logged: 2025-11-08_00-52-32_taxonomy_mapping_pass2_batch_e803c5d16501.json
📝 Response logged: 2025-11-08_00-52-43_taxonomy_mapping_pass2_batch_e803c5d16501_RESPONSE.json
      Pass 2 (batch of 1) → Past Academic/Clinical Positions (avg: 0.90)

  [50] Unknown
      Entries: 1, Subgroups: 0
📝 Prompt logged: 2025-11-08_00-52-43_taxonomy_mapping_pass1_dea002d722b6.json
📝 Response logged: 2025-11-08_00-52-46_taxonomy_mapping_pass1_dea002d722b6_RESPONSE.json
      Pass 1 → Appendix / Other (0.85)

  [51] Unknown
      Entries: 1, Subgroups: 0
📝 Prompt logged: 2025-11-08_00-52-46_taxonomy_mapping_pass1_24dfdfde7100.json
📝 Response logged: 2025-11-08_00-52-47_taxonomy_mapping_pass1_24dfdfde7100_RESPONSE.json
      Pass 1 → Bibliography (0.95)
📝 Prompt logged: 2025-11-08_00-52-47_taxonomy_mapping_pass2_batch_d55d155ceb42.json
📝 Response logged: 2025-11-08_00-52-49_taxonomy_mapping_pass2_batch_d55d155ceb42_RESPONSE.json
      Pass 2 (batch of 1) → Peer-Reviewed Research Articles (original research) (avg: 0.90)

  [52] Unknown
      Entries: 1, Subgroups: 0
📝 Prompt logged: 2025-11-08_00-52-49_taxonomy_mapping_pass1_daa41561fb85.json
📝 Response logged: 2025-11-08_00-52-53_taxonomy_mapping_pass1_daa41561fb85_RESPONSE.json
      Pass 1 → Research (0.85)
📝 Prompt logged: 2025-11-08_00-52-53_taxonomy_mapping_pass2_batch_55adde16a856.json
📝 Response logged: 2025-11-08_00-52-54_taxonomy_mapping_pass2_batch_55adde16a856_RESPONSE.json
      Pass 2 (batch of 1) → Research Activities (Summary) (avg: 0.90)

  [53] Unknown
      Entries: 5, Subgroups: 0
📝 Prompt logged: 2025-11-08_00-52-55_taxonomy_mapping_pass1_5e43e935d537.json
📝 Response logged: 2025-11-08_00-52-56_taxonomy_mapping_pass1_5e43e935d537_RESPONSE.json
      Pass 1 → Bibliography (0.95)
📝 Prompt logged: 2025-11-08_00-52-56_taxonomy_mapping_pass2_batch_cb2d9364ec43.json
📝 Response logged: 2025-11-08_00-53-03_taxonomy_mapping_pass2_batch_cb2d9364ec43_RESPONSE.json
      Pass 2 (batch of 5) → Peer-Reviewed Research Articles (original research) (avg: 0.90)

  [54] Unknown
      Entries: 1, Subgroups: 0
📝 Prompt logged: 2025-11-08_00-53-03_taxonomy_mapping_pass1_2f8da5800e86.json
📝 Response logged: 2025-11-08_00-53-05_taxonomy_mapping_pass1_2f8da5800e86_RESPONSE.json
      Pass 1 → Bibliography (0.95)
📝 Prompt logged: 2025-11-08_00-53-05_taxonomy_mapping_pass2_batch_14ec13d42cd2.json
📝 Response logged: 2025-11-08_00-53-09_taxonomy_mapping_pass2_batch_14ec13d42cd2_RESPONSE.json
      Pass 2 (batch of 1) → Preprints (avg: 0.90)

  [55] Unknown
      Entries: 1, Subgroups: 0
📝 Prompt logged: 2025-11-08_00-53-09_taxonomy_mapping_pass1_495f2d70975d.json
📝 Response logged: 2025-11-08_00-53-12_taxonomy_mapping_pass1_495f2d70975d_RESPONSE.json
      Pass 1 → Invitations to Speak/Present (0.95)
📝 Prompt logged: 2025-11-08_00-53-12_taxonomy_mapping_pass2_batch_0c9579f95d92.json
📝 Response logged: 2025-11-08_00-53-15_taxonomy_mapping_pass2_batch_0c9579f95d92_RESPONSE.json
      Pass 2 (batch of 1) → Grand Rounds, Visiting Professorships, Departmental Seminars (avg: 0.90)

================================================================================
MAPPING RESULTS (V2)
================================================================================
Classified sections: 55
  High confidence (≥0.85): 55 (100.0%)
Average confidence: 0.918

API Calls:
  Pass 1 (parent): 55
  Pass 2 (child): 39
  Total: 94

Token Usage:
  Prompt: 119,766
  Completion: 15,368
  Total: 135,134

✓ Results saved to: validation_CV_2074_Blakely_with_signals_v3.json

======================================================================
GENERATING AUDIT REPORT
======================================================================

✓ Audit report saved to: validation_CV_2074_Blakely_with_signals_v3_AUDIT.json
    ✓ Mapped: 47 entries, 46.8% hint coverage, avg conf=0.918

================================================================================
PROCESSING SUMMARY
================================================================================

Successful: 3/3
Failed: 0/3

✅ SUCCESSFULLY PROCESSED:

  Holtz (2002):
    Entries: 83
    Hint coverage: 55.4%
    Avg confidence: 0.930
    API calls: 35
    Tokens: 48,907

  Simpson (Simpson):
    Entries: 53
    Hint coverage: 24.5%
    Avg confidence: 0.939
    API calls: 29
    Tokens: 47,192

  Blakely (2074):
    Entries: 47
    Hint coverage: 46.8%
    Avg confidence: 0.918
    API calls: 94
    Tokens: 135,134

