================================================================================
PROCESSING ALREADY-SEGMENTED CVS WITH REPAIR PIPELINE
================================================================================


================================================================================
Processing: Holtz (2002)
================================================================================
  [1/3] Repairing segmentation...
    ✓ Repaired: 18 → 18 top-level groups
  [2/3] Preprocessing...
    ✓ Preprocessed: 18 content groups, 0 headers preserved
  [3/3] Mapping with v3 signals...

======================================================================
TESTING COMPREHENSIVE SIGNAL LIBRARY
======================================================================
Input: validation_CV_2002_Holtz_preprocessed.json
Output: validation_CV_2002_Holtz_with_signals_v3.json

======================================================================
PRE-ANALYSIS: Signal Detection
======================================================================

Signal Detection Summary:
  Total entries: 83
  Entries with hints: 46 (55.4%)

Signal Fire Counts (sorted by frequency):
  employment_pattern              21 ( 25.3%)
    Ex1: [Unknown] 2016-2018		Bioethics Consortium Johns Hopkins University and University of Pennsylvania
National Institutes of Health, Bethesda, MD
    Ex2: [Unknown] 2020-present		Assistant Professor, Goldfarb School of Nursing, St. Louis, MO
  location_tail                   19 ( 22.9%)
    Ex1: [Unknown] 2016-2018		Bioethics Consortium Johns Hopkins University and University of Pennsylvania
National Institutes of Health, Bethesda, MD
    Ex2: [Unknown] 2016			Bioethics Intensive, Johns Hopkins University, Baltimore, MD
  clinical_role                    6 (  7.2%)
    Ex1: [Unknown] Heidi K. Holtz, PhD, RN
    Ex2: [Unknown] 2020                                                   RN Intensive Care Unit
Capital Region Medical Center, Jefferson City, MO
  mentee_pattern                   5 (  6.0%)
    Ex1: [Unknown] 2016-2018		Bioethics Consortium Johns Hopkins University and University of Pennsylvania
National Institutes of Health, Bethesda, MD
    Ex2: [Unknown] 2017			Intern American Nurses Association Moral Resilience Panel, Silver Spring, MD
  doi                              5 (  6.0%)
    Ex1: [Unknown] 1. 	Holtz H, Schallom M, Sledge JA, Riley TA. Voluntary nurse turnover: An exploratory study of exit survey data. Nurs Manage. 2025 Jul 1;56(6):30-36....
    Ex2: [Unknown] 1.	Holtz H, Weissinger GM, Swavely D, Rushton C. Critical care nurses' perspectives on organizational betrayal by health systems during the COVID-19 p...
  pmid                             5 (  6.0%)
    Ex1: [Unknown] 1. 	Holtz H, Schallom M, Sledge JA, Riley TA. Voluntary nurse turnover: An exploratory study of exit survey data. Nurs Manage. 2025 Jul 1;56(6):30-36....
    Ex2: [Unknown] 1.	Holtz H, Weissinger GM, Swavely D, Rushton C. Critical care nurses' perspectives on organizational betrayal by health systems during the COVID-19 p...
  citation_like                    4 (  4.8%)
    Ex1: [Unknown] 1. 	Holtz H, Schallom M, Sledge JA, Riley TA. Voluntary nurse turnover: An exploratory study of exit survey data. Nurs Manage. 2025 Jul 1;56(6):30-36....
    Ex2: [Unknown] 1.	Holtz H, Weissinger GM, Swavely D, Rushton C. Critical care nurses' perspectives on organizational betrayal by health systems during the COVID-19 p...
  award_honor                      3 (  3.6%)
    Ex1: [Unknown] 2024			Goldfarb School of Nursing Christner Award for Excellence in Advancing Nursing
2022			Goldfarb School of Nursing Christner Award for Excellence...
    Ex2: [Unknown] 2019			Nursing Education Perspectives National League of Nursing Award
  teaching_role                    2 (  2.4%)
    Ex1: [Unknown] 2011-2014		Nursing Instructor, University of Missouri, Columbia, MO
    Ex2: [Unknown] 2008-2010		Nursing Instructor Kansas City Kansas Community College, Kansas City, KS
  podium                           2 (  2.4%)
    Ex1: [Unknown] 2025	Sigma Theta Tau Healthy Work Environment, Podium Presentation, Phoenix, AZ
    Ex2: [Unknown] 2024	International Workshop Moral Resilience, Podium Presentation, Brocher Institute, Geneva, Switzerland
  unit_acronym                     2 (  2.4%)
    Ex1: [Unknown] 2020                                                   RN Intensive Care Unit
Capital Region Medical Center, Jefferson City, MO
    Ex2: [Unknown] 2007-2008                                          Clinical Nurse III ICU Float Pool
University of Kansas Hospital, Kansas City, KS
  panel_workshop                   1 (  1.2%)
    Ex1: [Unknown] 2017			Moderator American Nurses Association Webinar, Silver Spring, MD

======================================================================
RUNNING TAXONOMY MAPPING WITH ALL SIGNALS
======================================================================
================================================================================
TWO-PASS HIERARCHICAL TAXONOMY MAPPING (V2)
================================================================================
Input: validation_CV_2002_Holtz_preprocessed.json
Strategy: Pass 1 (20 parents) → Router → Pass 2 (3-9 children)

✓ Loaded segmented CV

Processing 18 top-level groups...

  [1] Unknown
      Entries: 1, Subgroups: 0
📝 Prompt logged: 2025-11-08_00-39-24_taxonomy_mapping_pass1_d74b3e940dd3.json
📝 Response logged: 2025-11-08_00-39-28_taxonomy_mapping_pass1_d74b3e940dd3_RESPONSE.json
      Pass 1 → Appendix / Other (0.85)

  [2] Unknown
      Entries: 1, Subgroups: 0
📝 Prompt logged: 2025-11-08_00-39-28_taxonomy_mapping_pass1_43c277b658cb.json
📝 Response logged: 2025-11-08_00-39-31_taxonomy_mapping_pass1_43c277b658cb_RESPONSE.json
      Pass 1 → Clinical Practice, Innovation, and Leadership (0.95)
      Pass 2 → Failed: No confusion info for parent: L

  [3] Unknown
      Entries: 3, Subgroups: 0
📝 Prompt logged: 2025-11-08_00-39-31_taxonomy_mapping_pass1_55869ac8ffed.json
📝 Response logged: 2025-11-08_00-39-33_taxonomy_mapping_pass1_55869ac8ffed_RESPONSE.json
      Pass 1 → Personal Data / Contact Information (0.95)
      Router → Skip Pass 2 (direct to extraction)

  [4] Unknown
      Entries: 0, Subgroups: 2
📝 Prompt logged: 2025-11-08_00-39-33_taxonomy_mapping_pass1_c016938dd9a8.json
📝 Response logged: 2025-11-08_00-39-37_taxonomy_mapping_pass1_c016938dd9a8_RESPONSE.json
      Pass 1 → Education (0.95)

    [5] Unknown
        Entries: 2, Subgroups: 0
📝 Prompt logged: 2025-11-08_00-39-37_taxonomy_mapping_pass1_7c58d9c9f2bf.json
📝 Response logged: 2025-11-08_00-39-40_taxonomy_mapping_pass1_7c58d9c9f2bf_RESPONSE.json
        Pass 1 → Professional Positions & Employment (0.95)
📝 Prompt logged: 2025-11-08_00-39-40_taxonomy_mapping_pass2_batch_1bedf237a499.json
📝 Response logged: 2025-11-08_00-39-43_taxonomy_mapping_pass2_batch_1bedf237a499_RESPONSE.json
        Pass 2 (batch of 2) → Current Academic/Clinical Positions (avg: 0.90)

    [6] Unknown
        Entries: 4, Subgroups: 0
📝 Prompt logged: 2025-11-08_00-39-43_taxonomy_mapping_pass1_8a067d5a73b7.json
📝 Response logged: 2025-11-08_00-39-46_taxonomy_mapping_pass1_8a067d5a73b7_RESPONSE.json
        Pass 1 → Education (0.95)
📝 Prompt logged: 2025-11-08_00-39-46_taxonomy_mapping_pass2_batch_121eee8e91ef.json
📝 Response logged: 2025-11-08_00-39-51_taxonomy_mapping_pass2_batch_121eee8e91ef_RESPONSE.json
        Pass 2 (batch of 4) → Undergraduate Degree (BA, BS, AB) (avg: 0.90)

  [7] Unknown
      Entries: 8, Subgroups: 0
📝 Prompt logged: 2025-11-08_00-39-51_taxonomy_mapping_pass1_ea0892cf2ef3.json
📝 Response logged: 2025-11-08_00-39-54_taxonomy_mapping_pass1_ea0892cf2ef3_RESPONSE.json
      Pass 1 → Educational Contributions (0.85)
📝 Prompt logged: 2025-11-08_00-39-54_taxonomy_mapping_pass2_batch_6ca5b13ebe0b.json
📝 Response logged: 2025-11-08_00-40-03_taxonomy_mapping_pass2_batch_6ca5b13ebe0b_RESPONSE.json
      Pass 2 (batch of 8) → Didactic Teaching (courses taught) (avg: 0.78)

  [8] Unknown
      Entries: 9, Subgroups: 0
📝 Prompt logged: 2025-11-08_00-40-03_taxonomy_mapping_pass1_ae275b1256b2.json
📝 Response logged: 2025-11-08_00-40-06_taxonomy_mapping_pass1_ae275b1256b2_RESPONSE.json
      Pass 1 → Professional Positions & Employment (0.95)
📝 Prompt logged: 2025-11-08_00-40-06_taxonomy_mapping_pass2_batch_d0492865ceb3.json
📝 Response logged: 2025-11-08_00-40-14_taxonomy_mapping_pass2_batch_d0492865ceb3_RESPONSE.json
      Pass 2 (batch of 9) → Current Academic/Clinical Positions (avg: 1.00)

  [9] Unknown
      Entries: 2, Subgroups: 0
📝 Prompt logged: 2025-11-08_00-40-14_taxonomy_mapping_pass1_9bd92103105b.json
📝 Response logged: 2025-11-08_00-40-17_taxonomy_mapping_pass1_9bd92103105b_RESPONSE.json
      Pass 1 → Institutional Administrative Activities (0.85)

  [10] Unknown
      Entries: 1, Subgroups: 0
📝 Prompt logged: 2025-11-08_00-40-17_taxonomy_mapping_pass1_d2095157776d.json
📝 Response logged: 2025-11-08_00-40-20_taxonomy_mapping_pass1_d2095157776d_RESPONSE.json
      Pass 1 → Professional Positions & Employment (0.95)
📝 Prompt logged: 2025-11-08_00-40-20_taxonomy_mapping_pass2_batch_a94b3184f2d6.json
📝 Response logged: 2025-11-08_00-40-22_taxonomy_mapping_pass2_batch_a94b3184f2d6_RESPONSE.json
      Pass 2 (batch of 1) → Current Academic/Clinical Positions (avg: 0.90)

  [11] Unknown
      Entries: 6, Subgroups: 0
📝 Prompt logged: 2025-11-08_00-40-22_taxonomy_mapping_pass1_ccdf5925f7e7.json
📝 Response logged: 2025-11-08_00-40-24_taxonomy_mapping_pass1_ccdf5925f7e7_RESPONSE.json
      Pass 1 → Honors and Awards (0.95)

  [12] Unknown
      Entries: 3, Subgroups: 0
📝 Prompt logged: 2025-11-08_00-40-24_taxonomy_mapping_pass1_eb66093106f9.json
📝 Response logged: 2025-11-08_00-40-27_taxonomy_mapping_pass1_eb66093106f9_RESPONSE.json
      Pass 1 → Extramural Professional Responsibilities (0.95)
📝 Prompt logged: 2025-11-08_00-40-27_taxonomy_mapping_pass2_batch_f44c1d4bea49.json
📝 Response logged: 2025-11-08_00-40-31_taxonomy_mapping_pass2_batch_f44c1d4bea49_RESPONSE.json
      Pass 2 (batch of 3) → Manuscript Reviewer / Abstract Reviewer (avg: 1.00)

  [13] Unknown
      Entries: 1, Subgroups: 0
📝 Prompt logged: 2025-11-08_00-40-31_taxonomy_mapping_pass1_b068f26b38aa.json
📝 Response logged: 2025-11-08_00-40-34_taxonomy_mapping_pass1_b068f26b38aa_RESPONSE.json
      Pass 1 → Extramural Professional Responsibilities (0.85)
📝 Prompt logged: 2025-11-08_00-40-34_taxonomy_mapping_pass2_batch_46776171e6d0.json
📝 Response logged: 2025-11-08_00-40-36_taxonomy_mapping_pass2_batch_46776171e6d0_RESPONSE.json
      Pass 2 (batch of 1) → Leadership in Extramural Organizations (avg: 0.90)

  [14] Unknown
      Entries: 6, Subgroups: 0
📝 Prompt logged: 2025-11-08_00-40-36_taxonomy_mapping_pass1_5ff0bee9dfcd.json
📝 Response logged: 2025-11-08_00-40-37_taxonomy_mapping_pass1_5ff0bee9dfcd_RESPONSE.json
      Pass 1 → Professional Organizations and Society Memberships (0.95)

  [15] Unknown
      Entries: 8, Subgroups: 0
📝 Prompt logged: 2025-11-08_00-40-37_taxonomy_mapping_pass1_adf79e0d5bba.json
📝 Response logged: 2025-11-08_00-40-40_taxonomy_mapping_pass1_adf79e0d5bba_RESPONSE.json
      Pass 1 → Institutional Administrative Activities (0.95)

  [16] Unknown
      Entries: 13, Subgroups: 0
📝 Prompt logged: 2025-11-08_00-40-40_taxonomy_mapping_pass1_c23a8a434366.json
📝 Response logged: 2025-11-08_00-40-43_taxonomy_mapping_pass1_c23a8a434366_RESPONSE.json
      Pass 1 → Invitations to Speak/Present (0.95)
📝 Prompt logged: 2025-11-08_00-40-43_taxonomy_mapping_pass2_batch_b1649bb4744f.json
📝 Response logged: 2025-11-08_00-40-57_taxonomy_mapping_pass2_batch_b1649bb4744f_RESPONSE.json
      Pass 2 (batch of 13) → Invited Panels, Workshops, Symposia (avg: 0.87)

  [17] Unknown
      Entries: 1, Subgroups: 2
📝 Prompt logged: 2025-11-08_00-40-57_taxonomy_mapping_pass1_e7292bc97327.json
📝 Response logged: 2025-11-08_00-41-00_taxonomy_mapping_pass1_e7292bc97327_RESPONSE.json
      Pass 1 → Research (0.95)
📝 Prompt logged: 2025-11-08_00-41-00_taxonomy_mapping_pass2_batch_bf4b77edabfb.json
📝 Response logged: 2025-11-08_00-41-02_taxonomy_mapping_pass2_batch_bf4b77edabfb_RESPONSE.json
      Pass 2 (batch of 1) → Research Support (Grants/Funding) (avg: 0.90)

    [18] Unknown
        Entries: 4, Subgroups: 0
📝 Prompt logged: 2025-11-08_00-41-02_taxonomy_mapping_pass1_e4051d9f01c8.json
📝 Response logged: 2025-11-08_00-41-05_taxonomy_mapping_pass1_e4051d9f01c8_RESPONSE.json
        Pass 1 → Research (0.95)
📝 Prompt logged: 2025-11-08_00-41-05_taxonomy_mapping_pass2_batch_750407f07b8e.json
📝 Response logged: 2025-11-08_00-41-10_taxonomy_mapping_pass2_batch_750407f07b8e_RESPONSE.json
        Pass 2 (batch of 4) → Research Support (Grants/Funding) (avg: 0.85)

    [19] Unknown
        Entries: 2, Subgroups: 0
📝 Prompt logged: 2025-11-08_00-41-10_taxonomy_mapping_pass1_435e2c376bd8.json
📝 Response logged: 2025-11-08_00-41-12_taxonomy_mapping_pass1_435e2c376bd8_RESPONSE.json
        Pass 1 → Research (0.95)
📝 Prompt logged: 2025-11-08_00-41-12_taxonomy_mapping_pass2_batch_8940a97c13ee.json
📝 Response logged: 2025-11-08_00-41-15_taxonomy_mapping_pass2_batch_8940a97c13ee_RESPONSE.json
        Pass 2 (batch of 2) → Research Support (Grants/Funding) (avg: 0.90)

  [20] Unknown
      Entries: 7, Subgroups: 0
📝 Prompt logged: 2025-11-08_00-41-15_taxonomy_mapping_pass1_ffac0c9703d4.json
📝 Response logged: 2025-11-08_00-41-19_taxonomy_mapping_pass1_ffac0c9703d4_RESPONSE.json
      Pass 1 → Clinical Practice, Innovation, and Leadership (0.95)
      Pass 2 → Failed: No confusion info for parent: L

  [21] Unknown
      Entries: 1, Subgroups: 0
📝 Prompt logged: 2025-11-08_00-41-19_taxonomy_mapping_pass1_ad2e41ed244e.json
📝 Response logged: 2025-11-08_00-41-21_taxonomy_mapping_pass1_ad2e41ed244e_RESPONSE.json
      Pass 1 → Bibliography (0.95)
📝 Prompt logged: 2025-11-08_00-41-21_taxonomy_mapping_pass2_batch_76e144b3f6ac.json
📝 Response logged: 2025-11-08_00-41-23_taxonomy_mapping_pass2_batch_76e144b3f6ac_RESPONSE.json
      Pass 2 (batch of 1) → Peer-Reviewed Research Articles (original research) (avg: 0.90)

  [22] Unknown
      Entries: 12, Subgroups: 0
📝 Prompt logged: 2025-11-08_00-41-23_taxonomy_mapping_pass1_981f6ed8fa28.json
📝 Response logged: 2025-11-08_00-41-26_taxonomy_mapping_pass1_981f6ed8fa28_RESPONSE.json
      Pass 1 → Bibliography (0.95)
📝 Prompt logged: 2025-11-08_00-41-26_taxonomy_mapping_pass2_batch_b79665b0176c.json
📝 Response logged: 2025-11-08_00-41-41_taxonomy_mapping_pass2_batch_b79665b0176c_RESPONSE.json
      Pass 2 (batch of 12) → Peer-Reviewed Research Articles (original research) (avg: 0.93)

================================================================================
MAPPING RESULTS (V2)
================================================================================
Classified sections: 22
  High confidence (≥0.85): 22 (100.0%)
Average confidence: 0.932

API Calls:
  Pass 1 (parent): 22
  Pass 2 (child): 13
  Total: 35

Token Usage:
  Prompt: 42,971
  Completion: 5,314
  Total: 48,285

✓ Results saved to: validation_CV_2002_Holtz_with_signals_v3.json

======================================================================
GENERATING AUDIT REPORT
======================================================================

✓ Audit report saved to: validation_CV_2002_Holtz_with_signals_v3_AUDIT.json
    ✓ Mapped: 83 entries, 55.4% hint coverage, avg conf=0.932

================================================================================
PROCESSING SUMMARY
================================================================================

Successful: 1/1
Failed: 0/1

✅ SUCCESSFULLY PROCESSED:

  Holtz (2002):
    Entries: 83
    Hint coverage: 55.4%
    Avg confidence: 0.932
    API calls: 35
    Tokens: 48,285

